// Jest Snapshot v1, https://goo.gl/fbAQLP

exports[`<BettingOptions /> should render the component correctly 1`] = `
<View
  data-testID="betting_options"
  style={
    {
      "borderColor": "black",
      "borderWidth": 1,
    }
  }
>
  <Text
    style={
      {
        "padding": 7,
      }
    }
  >
    Market name
  </Text>
  <View
    style={
      {
        "flexDirection": "row",
        "justifyContent": "space-between",
      }
    }
  >
    <View>
      <View
        accessibilityState={
          {
            "busy": undefined,
            "checked": undefined,
            "disabled": undefined,
            "expanded": undefined,
            "selected": undefined,
          }
        }
        accessibilityValue={
          {
            "max": undefined,
            "min": undefined,
            "now": undefined,
            "text": undefined,
          }
        }
        accessible={true}
        collapsable={false}
        focusable={true}
        onClick={[Function]}
        onResponderGrant={[Function]}
        onResponderMove={[Function]}
        onResponderRelease={[Function]}
        onResponderTerminate={[Function]}
        onResponderTerminationRequest={[Function]}
        onStartShouldSetResponder={[Function]}
        style={
          {
            "alignItems": "center",
            "backgroundColor": "green",
            "borderColor": "black",
            "borderRadius": 10,
            "borderWidth": 1,
            "margin": 5,
            "opacity": 1,
            "padding": 5,
            "width": 100,
          }
        }
        testID="button_Real Madrid_betOption"
      >
        <Text>
          Real Madrid
        </Text>
        <Text>
          1.23
        </Text>
      </View>
    </View>
    <View>
      <View
        accessibilityState={
          {
            "busy": undefined,
            "checked": undefined,
            "disabled": undefined,
            "expanded": undefined,
            "selected": undefined,
          }
        }
        accessibilityValue={
          {
            "max": undefined,
            "min": undefined,
            "now": undefined,
            "text": undefined,
          }
        }
        accessible={true}
        collapsable={false}
        focusable={true}
        onClick={[Function]}
        onResponderGrant={[Function]}
        onResponderMove={[Function]}
        onResponderRelease={[Function]}
        onResponderTerminate={[Function]}
        onResponderTerminationRequest={[Function]}
        onStartShouldSetResponder={[Function]}
        style={
          {
            "alignItems": "center",
            "borderColor": "black",
            "borderRadius": 10,
            "borderWidth": 1,
            "margin": 5,
            "opacity": 1,
            "padding": 5,
            "width": 100,
          }
        }
        testID="button_Barcelona_betOption"
      >
        <Text>
          Barcelona
        </Text>
        <Text>
          2.05
        </Text>
      </View>
    </View>
  </View>
</View>
`;
