// Jest Snapshot v1, https://goo.gl/fbAQLP

exports[`<BetSlip /> should render UI correctly 1`] = `
<View>
  <View
    accessibilityState={
      {
        "busy": undefined,
        "checked": undefined,
        "disabled": undefined,
        "expanded": undefined,
        "selected": undefined,
      }
    }
    accessibilityValue={
      {
        "max": undefined,
        "min": undefined,
        "now": undefined,
        "text": undefined,
      }
    }
    accessible={true}
    collapsable={false}
    focusable={true}
    onClick={[Function]}
    onResponderGrant={[Function]}
    onResponderMove={[Function]}
    onResponderRelease={[Function]}
    onResponderTerminate={[Function]}
    onResponderTerminationRequest={[Function]}
    onStartShouldSetResponder={[Function]}
    style={
      {
        "margin": 20,
        "opacity": 1,
      }
    }
  >
    <Text
      style={
        {
          "fontSize": 20,
          "fontWeight": "bold",
        }
      }
    >
      X
    </Text>
  </View>
  <View
    style={
      {
        "alignItems": "center",
        "marginTop": 50,
      }
    }
  >
    <Text
      style={
        {
          "fontWeight": "bold",
        }
      }
    >
      b c
    </Text>
    <Text
      style={
        [
          {
            "fontSize": 20,
            "fontWeight": "bold",
          },
          {
            "padding": 10,
          },
        ]
      }
    >
      1
    </Text>
    <View
      accessibilityState={
        {
          "busy": undefined,
          "checked": undefined,
          "disabled": undefined,
          "expanded": undefined,
          "selected": undefined,
        }
      }
      accessibilityValue={
        {
          "max": undefined,
          "min": undefined,
          "now": undefined,
          "text": undefined,
        }
      }
      accessible={true}
      collapsable={false}
      focusable={true}
      onClick={[Function]}
      onResponderGrant={[Function]}
      onResponderMove={[Function]}
      onResponderRelease={[Function]}
      onResponderTerminate={[Function]}
      onResponderTerminationRequest={[Function]}
      onStartShouldSetResponder={[Function]}
      style={
        {
          "backgroundColor": "black",
          "borderRadius": 5,
          "opacity": 1,
        }
      }
    >
      <Text
        style={
          {
            "color": "white",
            "margin": 5,
          }
        }
      >
        DELETE
      </Text>
    </View>
    <View
      style={
        [
          {
            "backgroundColor": "black",
            "borderBottomColor": "black",
            "borderWidth": 1,
            "width": "80%",
          },
          {
            "margin": 10,
          },
        ]
      }
    />
  </View>
</View>
`;
