// Jest Snapshot v1, https://goo.gl/fbAQLP

exports[`<MktpBet /> should render the component correctly 1`] = `
<View
  data-testID="mktp_bet"
  style={
    {
      "margin": 5,
    }
  }
>
  <View>
    <View
      style={
        {
          "borderColor": "black",
          "borderWidth": 1,
          "flexDirection": "row",
          "justifyContent": "space-between",
          "padding": "10%",
        }
      }
    >
      <Text
        style={
          {
            "fontWeight": "bold",
          }
        }
      >
        Real Madrid
      </Text>
      <Text
        style={
          {
            "fontWeight": "bold",
          }
        }
      >
        VS
      </Text>
      <Text
        style={
          {
            "fontWeight": "bold",
          }
        }
      >
        Barcelona
      </Text>
    </View>
    <View>
      <View
        data-testID="betting_options"
        style={
          {
            "borderColor": "black",
            "borderWidth": 1,
          }
        }
      >
        <Text
          style={
            {
              "padding": 7,
            }
          }
        >
          Team to Win
        </Text>
        <View
          style={
            {
              "flexDirection": "row",
              "justifyContent": "space-between",
            }
          }
        >
          <View>
            <View
              accessibilityState={
                {
                  "busy": undefined,
                  "checked": undefined,
                  "disabled": undefined,
                  "expanded": undefined,
                  "selected": undefined,
                }
              }
              accessibilityValue={
                {
                  "max": undefined,
                  "min": undefined,
                  "now": undefined,
                  "text": undefined,
                }
              }
              accessible={true}
              collapsable={false}
              focusable={true}
              onClick={[Function]}
              onResponderGrant={[Function]}
              onResponderMove={[Function]}
              onResponderRelease={[Function]}
              onResponderTerminate={[Function]}
              onResponderTerminationRequest={[Function]}
              onStartShouldSetResponder={[Function]}
              style={
                {
                  "alignItems": "center",
                  "backgroundColor": "green",
                  "borderColor": "black",
                  "borderRadius": 10,
                  "borderWidth": 1,
                  "margin": 5,
                  "opacity": 1,
                  "padding": 5,
                  "width": 100,
                }
              }
              testID="button_Real_Madrid_betOption"
            >
              <Text>
                Real Madrid
              </Text>
              <Text>
                1.23
              </Text>
            </View>
          </View>
          <View>
            <View
              accessibilityState={
                {
                  "busy": undefined,
                  "checked": undefined,
                  "disabled": undefined,
                  "expanded": undefined,
                  "selected": undefined,
                }
              }
              accessibilityValue={
                {
                  "max": undefined,
                  "min": undefined,
                  "now": undefined,
                  "text": undefined,
                }
              }
              accessible={true}
              collapsable={false}
              focusable={true}
              onClick={[Function]}
              onResponderGrant={[Function]}
              onResponderMove={[Function]}
              onResponderRelease={[Function]}
              onResponderTerminate={[Function]}
              onResponderTerminationRequest={[Function]}
              onStartShouldSetResponder={[Function]}
              style={
                {
                  "alignItems": "center",
                  "borderColor": "black",
                  "borderRadius": 10,
                  "borderWidth": 1,
                  "margin": 5,
                  "opacity": 1,
                  "padding": 5,
                  "width": 100,
                }
              }
              testID="button_Barcelona_betOption"
            >
              <Text>
                Barcelona
              </Text>
              <Text>
                2.05
              </Text>
            </View>
          </View>
        </View>
      </View>
    </View>
    <View>
      <View
        data-testID="betting_options"
        style={
          {
            "borderColor": "black",
            "borderWidth": 1,
          }
        }
      >
        <Text
          style={
            {
              "padding": 7,
            }
          }
        >
          Player to Score First
        </Text>
        <View
          style={
            {
              "flexDirection": "row",
              "justifyContent": "space-between",
            }
          }
        >
          <View>
            <View
              accessibilityState={
                {
                  "busy": undefined,
                  "checked": undefined,
                  "disabled": undefined,
                  "expanded": undefined,
                  "selected": undefined,
                }
              }
              accessibilityValue={
                {
                  "max": undefined,
                  "min": undefined,
                  "now": undefined,
                  "text": undefined,
                }
              }
              accessible={true}
              collapsable={false}
              focusable={true}
              onClick={[Function]}
              onResponderGrant={[Function]}
              onResponderMove={[Function]}
              onResponderRelease={[Function]}
              onResponderTerminate={[Function]}
              onResponderTerminationRequest={[Function]}
              onStartShouldSetResponder={[Function]}
              style={
                {
                  "alignItems": "center",
                  "borderColor": "black",
                  "borderRadius": 10,
                  "borderWidth": 1,
                  "margin": 5,
                  "opacity": 1,
                  "padding": 5,
                  "width": 100,
                }
              }
              testID="button_Ronaldo_betOption"
            >
              <Text>
                Ronaldo
              </Text>
              <Text>
                1.15
              </Text>
            </View>
          </View>
          <View>
            <View
              accessibilityState={
                {
                  "busy": undefined,
                  "checked": undefined,
                  "disabled": undefined,
                  "expanded": undefined,
                  "selected": undefined,
                }
              }
              accessibilityValue={
                {
                  "max": undefined,
                  "min": undefined,
                  "now": undefined,
                  "text": undefined,
                }
              }
              accessible={true}
              collapsable={false}
              focusable={true}
              onClick={[Function]}
              onResponderGrant={[Function]}
              onResponderMove={[Function]}
              onResponderRelease={[Function]}
              onResponderTerminate={[Function]}
              onResponderTerminationRequest={[Function]}
              onStartShouldSetResponder={[Function]}
              style={
                {
                  "alignItems": "center",
                  "borderColor": "black",
                  "borderRadius": 10,
                  "borderWidth": 1,
                  "margin": 5,
                  "opacity": 1,
                  "padding": 5,
                  "width": 100,
                }
              }
              testID="button_Messi_betOption"
            >
              <Text>
                Messi
              </Text>
              <Text>
                1.3
              </Text>
            </View>
          </View>
          <View>
            <View
              accessibilityState={
                {
                  "busy": undefined,
                  "checked": undefined,
                  "disabled": undefined,
                  "expanded": undefined,
                  "selected": undefined,
                }
              }
              accessibilityValue={
                {
                  "max": undefined,
                  "min": undefined,
                  "now": undefined,
                  "text": undefined,
                }
              }
              accessible={true}
              collapsable={false}
              focusable={true}
              onClick={[Function]}
              onResponderGrant={[Function]}
              onResponderMove={[Function]}
              onResponderRelease={[Function]}
              onResponderTerminate={[Function]}
              onResponderTerminationRequest={[Function]}
              onStartShouldSetResponder={[Function]}
              style={
                {
                  "alignItems": "center",
                  "borderColor": "black",
                  "borderRadius": 10,
                  "borderWidth": 1,
                  "margin": 5,
                  "opacity": 1,
                  "padding": 5,
                  "width": 100,
                }
              }
              testID="button_Bale_betOption"
            >
              <Text>
                Bale
              </Text>
              <Text>
                1.35
              </Text>
            </View>
          </View>
        </View>
      </View>
    </View>
  </View>
  <View>
    <View
      style={
        {
          "borderColor": "black",
          "borderWidth": 1,
          "flexDirection": "row",
          "justifyContent": "space-between",
          "padding": "10%",
        }
      }
    >
      <Text
        style={
          {
            "fontWeight": "bold",
          }
        }
      >
        Atletico Madrid
      </Text>
      <Text
        style={
          {
            "fontWeight": "bold",
          }
        }
      >
        VS
      </Text>
      <Text
        style={
          {
            "fontWeight": "bold",
          }
        }
      >
        Malaga
      </Text>
    </View>
    <View>
      <View
        data-testID="betting_options"
        style={
          {
            "borderColor": "black",
            "borderWidth": 1,
          }
        }
      >
        <Text
          style={
            {
              "padding": 7,
            }
          }
        >
          Team to Win
        </Text>
        <View
          style={
            {
              "flexDirection": "row",
              "justifyContent": "space-between",
            }
          }
        >
          <View>
            <View
              accessibilityState={
                {
                  "busy": undefined,
                  "checked": undefined,
                  "disabled": undefined,
                  "expanded": undefined,
                  "selected": undefined,
                }
              }
              accessibilityValue={
                {
                  "max": undefined,
                  "min": undefined,
                  "now": undefined,
                  "text": undefined,
                }
              }
              accessible={true}
              collapsable={false}
              focusable={true}
              onClick={[Function]}
              onResponderGrant={[Function]}
              onResponderMove={[Function]}
              onResponderRelease={[Function]}
              onResponderTerminate={[Function]}
              onResponderTerminationRequest={[Function]}
              onStartShouldSetResponder={[Function]}
              style={
                {
                  "alignItems": "center",
                  "borderColor": "black",
                  "borderRadius": 10,
                  "borderWidth": 1,
                  "margin": 5,
                  "opacity": 1,
                  "padding": 5,
                  "width": 100,
                }
              }
              testID="button_Atletico_betOption"
            >
              <Text>
                Atletico
              </Text>
              <Text>
                1.4
              </Text>
            </View>
          </View>
          <View>
            <View
              accessibilityState={
                {
                  "busy": undefined,
                  "checked": undefined,
                  "disabled": undefined,
                  "expanded": undefined,
                  "selected": undefined,
                }
              }
              accessibilityValue={
                {
                  "max": undefined,
                  "min": undefined,
                  "now": undefined,
                  "text": undefined,
                }
              }
              accessible={true}
              collapsable={false}
              focusable={true}
              onClick={[Function]}
              onResponderGrant={[Function]}
              onResponderMove={[Function]}
              onResponderRelease={[Function]}
              onResponderTerminate={[Function]}
              onResponderTerminationRequest={[Function]}
              onStartShouldSetResponder={[Function]}
              style={
                {
                  "alignItems": "center",
                  "borderColor": "black",
                  "borderRadius": 10,
                  "borderWidth": 1,
                  "margin": 5,
                  "opacity": 1,
                  "padding": 5,
                  "width": 100,
                }
              }
              testID="button_Malaga_betOption"
            >
              <Text>
                Malaga
              </Text>
              <Text>
                3.05
              </Text>
            </View>
          </View>
        </View>
      </View>
    </View>
  </View>
  <View>
    <View
      style={
        {
          "borderColor": "black",
          "borderWidth": 1,
          "flexDirection": "row",
          "justifyContent": "space-between",
          "padding": "10%",
        }
      }
    >
      <Text
        style={
          {
            "fontWeight": "bold",
          }
        }
      >
        Empty Event that shouldn't render
      </Text>
      <Text
        style={
          {
            "fontWeight": "bold",
          }
        }
      >
        VS
      </Text>
      <Text
        style={
          {
            "fontWeight": "bold",
          }
        }
      />
    </View>
  </View>
</View>
`;
