// Jest Snapshot v1, https://goo.gl/fbAQLP

exports[`<MatchTeamsName /> should render the component correctly 1`] = `
<View
  style={
    {
      "borderColor": "black",
      "borderWidth": 1,
      "flexDirection": "row",
      "justifyContent": "space-between",
      "padding": "10%",
    }
  }
>
  <Text
    style={
      {
        "fontWeight": "bold",
      }
    }
  >
    Vasco
  </Text>
  <Text
    style={
      {
        "fontWeight": "bold",
      }
    }
  >
    VS
  </Text>
  <Text
    style={
      {
        "fontWeight": "bold",
      }
    }
  >
    15 de Piracicaba
  </Text>
</View>
`;
