// Jest Snapshot v1, https://goo.gl/fbAQLP

exports[`<MatchTeamsName /> should render the component correctly 1`] = `
<View
  accessibilityState={
    {
      "busy": undefined,
      "checked": undefined,
      "disabled": undefined,
      "expanded": undefined,
      "selected": undefined,
    }
  }
  accessibilityValue={
    {
      "max": undefined,
      "min": undefined,
      "now": undefined,
      "text": undefined,
    }
  }
  accessible={true}
  collapsable={false}
  focusable={true}
  onClick={[Function]}
  onResponderGrant={[Function]}
  onResponderMove={[Function]}
  onResponderRelease={[Function]}
  onResponderTerminate={[Function]}
  onResponderTerminationRequest={[Function]}
  onStartShouldSetResponder={[Function]}
  style={
    {
      "alignItems": "center",
      "backgroundColor": "green",
      "borderColor": "black",
      "borderRadius": 10,
      "borderWidth": 1,
      "margin": 5,
      "opacity": 1,
      "padding": 5,
      "width": 100,
    }
  }
>
  <Text>
    To win
  </Text>
  <Text>
    12
  </Text>
</View>
`;
